接收2019-12-10 15:54:10--------------------------------------------------

发送2019-12-10 15:54:10--------------------------------------------------

